[satumomen.com/preview/art-blue-java.html]
[backblue.gif]
[fade.gif]
[index.html]
[satumomen.com/plugins/animate.css@4.1.1/animate.min.css]
[unpkg.com/@phosphor-icons/web@2.0.3/src/fill/style.css]
[assets.satumomen.com/build/assets/bootstrap-vCaDZZbr.css]
[assets.satumomen.com/build/assets/themesv2-DZZF_N8v.css]
[satumomen.com/fonts/javassoul/style.css]
[satumomen.com/fonts/laraboyok/style.css]
[satumomen.com/fonts/brittany_signature/BrittanySignature.css]
[satumomen.com/fonts/photograph_signature/fonts.css]
[satumomen.com/fonts/heatwood/Heatwood.css]
[satumomen.com/preview/_https_/assets.satumomen.com/images/galleries/27897-gallery-1672939613.png_]
[assets.satumomen.com/images/galleries/301467-gallery-rNpYuhv9jd.png]
[assets.satumomen.com/images/galleries/27897-gallery-1672939613.png]
[assets.satumomen.com/images/galleries/301467-gallery-FMgCPTNp2h.png]
[assets.satumomen.com/assets/logo-bca-biru-1687975058.png]
[assets.satumomen.com/assets/bni-1704123714.jpg]
[satumomen.com/images/no-image.jpg]
[satumomen.com/images/btn_app_store.png]
[satumomen.com/images/btn_play_store.png]
[satumomen.com/themes/theme-appbf17.js]
[satumomen.com/themes/themesv2bf17.js]
[satumomen.com/preview/art-blue-java.html]
[satumomen.com/plugins/animate.css@4.1.1/animate.min.css]
[satumomen.com/cdn-cgi/scripts/7d0fa10a/cloudflare-static/rocket-loader.min.js]
[unpkg.com/@phosphor-icons/web@2.0.3/src/fill/Phosphor-Fill.woff2]
[unpkg.com/@phosphor-icons/web@2.0.3/src/fill/Phosphor-Fill.woff]
[unpkg.com/@phosphor-icons/web@2.0.3/src/fill/Phosphor-Fill.ttf]
[unpkg.com/@phosphor-icons/web@2.0.3/src/fill/style.css]
[assets.satumomen.com/build/assets/bootstrap-vCaDZZbr.css]
[assets.satumomen.com/build/assets/themesv2-DZZF_N8v.css]
[unpkg.com/@phosphor-icons/web@2.0.3/src/fill/Phosphor-Fill.svg]
[satumomen.com/fonts/javassoul/Javassoul.eot]
[satumomen.com/fonts/javassoul/Javassould41d.eot]
[satumomen.com/fonts/javassoul/Javassoul.woff2]
[satumomen.com/fonts/javassoul/Javassoul.woff]
[satumomen.com/fonts/javassoul/Javassoul.ttf]
[satumomen.com/fonts/javassoul/style.css]
[satumomen.com/fonts/javassoul/Javassoul.svg]
[satumomen.com/fonts/laraboyok/laraboyok-2.eot]
[satumomen.com/fonts/laraboyok/laraboyok-2.woff2]
[satumomen.com/fonts/laraboyok/laraboyok-2.woff]
[satumomen.com/fonts/laraboyok/laraboyok-2.ttf]
[satumomen.com/fonts/laraboyok/style.css]
[satumomen.com/fonts/laraboyok/laraboyok-2.svg]
[satumomen.com/fonts/brittany_signature/BrittanySignature.eot]
[satumomen.com/fonts/brittany_signature/BrittanySignatured41d.eot]
[satumomen.com/fonts/brittany_signature/BrittanySignature.woff2]
[satumomen.com/fonts/brittany_signature/BrittanySignature.woff]
[satumomen.com/fonts/brittany_signature/BrittanySignature.ttf]
[satumomen.com/fonts/brittany_signature/BrittanySignature.css]
[satumomen.com/fonts/brittany_signature/BrittanySignature.svg]
[satumomen.com/fonts/photograph_signature/PhotographSignature.ttf]
[satumomen.com/fonts/photograph_signature/fonts.css]
[satumomen.com/fonts/heatwood/fonts/Heatwood.eot]
[satumomen.com/fonts/heatwood/fonts/Heatwoodd41d.eot]
[satumomen.com/fonts/heatwood/fonts/Heatwood.woff2]
[satumomen.com/fonts/heatwood/fonts/Heatwood.woff]
[satumomen.com/fonts/heatwood/fonts/Heatwood.ttf]
[satumomen.com/fonts/heatwood/Heatwood.css]
[satumomen.com/preview/_https_/assets.satumomen.com/images/galleries/27897-gallery-1672939613.html]
[satumomen.com/fonts/heatwood/fonts/Heatwood.svg]
[unpkg.com/@phosphor-icons/web@2.0.3/src/fill/Phosphor-Fill.svg]
[satumomen.com/fonts/javassoul/Javassoul.svg]
[satumomen.com/fonts/laraboyok/laraboyok-2.svg]
[satumomen.com/fonts/brittany_signature/BrittanySignature.svg]
[satumomen.com/fonts/heatwood/fonts/Heatwood.svg]
